
> react-kavia@0.1.0 start
> cross-env EDIT_MODE=true webpack serve --config .ve/webpack.config.js --mode development

<i> [webpack-dev-server] Project is running at:
<i> [webpack-dev-server] Loopback: http://localhost:3000/, http://[::1]:3000/
<i> [webpack-dev-server] On Your Network (IPv4): http://172.17.0.2:3000/
<i> [webpack-dev-server] Content not from webpack is served from './public' directory
Injecting EditorRootWrapper import: ../.ve/EditorRootWrapper
asset bundle.js 1.39 MiB [emitted] (name: main)
asset index.html 1.98 KiB [emitted]
runtime modules 27.5 KiB 14 modules
modules by path ./node_modules/ 1.24 MiB 31 modules
modules by path ./src/ 10.3 KiB
  modules by path ./src/*.css 7.49 KiB 4 modules
  modules by path ./src/*.js 2.76 KiB
    ./src/index.js 530 bytes [built] [code generated]
    ./src/App.js 2.24 KiB [built] [code generated]
modules by path ./.ve/ 15.1 KiB
  modules by path ./.ve/*.js 10.6 KiB 2 modules
  modules by path ./.ve/*.css 2.93 KiB
    ./.ve/EditorOverlay.css 2.25 KiB [built] [code generated]
    ./node_modules/css-loader/dist/cjs.js!./.ve/EditorOverlay.css 697 bytes [built] [code generated]
  ./.ve/EditorOverlay.jsx 1.58 KiB [built] [code generated]
webpack 5.99.9 compiled successfully in 1191 ms
assets by status 1.98 KiB [cached] 1 asset
assets by path *.js 1.42 MiB
  asset bundle.js 1.4 MiB [emitted] (name: main)
  asset main.d54ac7656da355368b71.hot-update.js 16.3 KiB [emitted] [immutable] [hmr] (name: main)
asset main.d54ac7656da355368b71.hot-update.json 28 bytes [emitted] [immutable] [hmr]
Entrypoint main 1.42 MiB = bundle.js 1.4 MiB main.d54ac7656da355368b71.hot-update.js 16.3 KiB
cached modules 1.26 MiB [cached] 41 modules
runtime modules 27.5 KiB 14 modules
./src/App.js 12.1 KiB [built] [code generated]
webpack 5.99.9 compiled successfully in 160 ms
assets by status 1.98 KiB [cached] 1 asset
assets by path *.js 1.41 MiB
  asset bundle.js 1.4 MiB [emitted] (name: main)
  asset main.bd517912747158cd839b.hot-update.js 4.72 KiB [emitted] [immutable] [hmr] (name: main)
asset main.bd517912747158cd839b.hot-update.json 28 bytes [emitted] [immutable] [hmr]
Entrypoint main 1.41 MiB = bundle.js 1.4 MiB main.bd517912747158cd839b.hot-update.js 4.72 KiB
cached modules 1.27 MiB [cached] 41 modules
runtime modules 27.5 KiB 14 modules
./node_modules/css-loader/dist/cjs.js!./src/App.css 2.26 KiB [built] [code generated]
webpack 5.99.9 compiled successfully in 37 ms
assets by status 1.98 KiB [cached] 1 asset
assets by path *.js 1.41 MiB
  asset bundle.js 1.4 MiB [emitted] (name: main)
  asset main.9da8b5eed2e7218b1cf0.hot-update.js 4.72 KiB [emitted] [immutable] [hmr] (name: main)
asset main.9da8b5eed2e7218b1cf0.hot-update.json 28 bytes [emitted] [immutable] [hmr]
Entrypoint main 1.41 MiB = bundle.js 1.4 MiB main.9da8b5eed2e7218b1cf0.hot-update.js 4.72 KiB
cached modules 1.27 MiB [cached] 41 modules
runtime modules 27.5 KiB 14 modules
./node_modules/css-loader/dist/cjs.js!./src/App.css 2.25 KiB [built] [code generated]
webpack 5.99.9 compiled successfully in 33 ms
assets by status 1.98 KiB [cached] 1 asset
assets by path *.js 1.41 MiB
  asset bundle.js 1.4 MiB [emitted] (name: main)
  asset main.c38819ac3c264e615466.hot-update.js 6.12 KiB [emitted] [immutable] [hmr] (name: main)
asset main.c38819ac3c264e615466.hot-update.json 28 bytes [emitted] [immutable] [hmr]
Entrypoint main 1.41 MiB = bundle.js 1.4 MiB main.c38819ac3c264e615466.hot-update.js 6.12 KiB
cached modules 1.27 MiB [cached] 41 modules
runtime modules 27.5 KiB 14 modules
./node_modules/css-loader/dist/cjs.js!./src/App.css 3.57 KiB [built] [code generated]
webpack 5.99.9 compiled successfully in 47 ms
